
$ errstop() { [[ $1 -gt 0 ]] && { printf 'SCREENCAST STOP &'; read; }; }
$ date
Fri 26 Jun 13:18:24 BST 2020
$ alias mokbox='docker run --rm -ti --hostname mokbox --name mokbox -v /var/run/docker.
sock:/var/run/docker.sock -v /var/tmp:/var/tmp myownkind/mokbox'
$ mokbox
[root@mokbox /]# retval=$?
[root@mokbox /]# errstop() { [[ $1 -gt 0 ]] && { printf 'SCREENCAST STOP &'; read; }; }
[root@mokbox /]# errstop $retval
[root@mokbox /]#
[root@mokbox /]# # Test 1 - download the prebuilt image and test
[root@mokbox /]#
[root@mokbox /]# mokctl -p build image --get-prebuilt-image
    Downloading base image, 'mok-centos-7-v1.18.4' .. FAIL
ERROR: Docker returned an error, shown below

Using default tag: latest
Error response from daemon: pull access denied for myownkind/mok-centos-7-v1.18.4, repo
sitory does not exist or may require 'docker login': denied: requested access to the re
source is denied

Image build failed

3653 main /usr/bin/mokctl
29 MA_main /usr/bin/mokctl
2515 BI_run /usr/bin/mokctl
517 err /usr/bin/mokctl

[root@mokbox /]# errstop $?
SCREENCAST STOP &
