
tests(master*)$ errstop() { [[ $1 -gt 0 ]] && echo "SCREENCAST STOP &"; read; }
tests(master*)$ date
Fri  5 Jun 13:26:20 BST 2020
tests(master*)$ alias mokbox='docker run --rm -ti --hostname mokbox --name mokbox -v /var/run/docker.sock:/var/run/dock
er.sock -v /var/tmp:/var/tmp myownkind/mokbox'
tests(master*)$ mokbox
[root@mokbox /]# retval=$?
[root@mokbox /]# errstop() { [[ $1 -gt 0 ]] && { printf 'SCREENCAST STOP &'; read; }; }
[root@mokbox /]# errstop $retval
[root@mokbox /]#
[root@mokbox /]# # Test 1 - download the prebuilt image
[root@mokbox /]#
[root@mokbox /]# mok -p build image --get-prebuilt-image
    Downloading base image, 'mok-centos-7-v1.18.3' .. SUCCESS
[root@mokbox /]# errstop $?
[root@mokbox /]# time mok -p create cluster myk8s --masters 1 --tailf

ERROR: Cluster, "myk8s", exists! Aborting.

real    0m0.109s
user    0m0.064s
sys     0m0.055s
[root@mokbox /]# errstop $?
SCREENCAST STOP &
