
% errstop() { [[ $1 -gt 0 ]] && { printf 'SCREENCAST STOP &'; read; }; }
% date
Wed 16 Sep 16:28:27 BST 2020
% alias mokbox='docker run --rm -ti --hostname mokbox --name mokbox -v /var/run
/docker.sock:/var/run/docker.sock -v /var/tmp:/var/tmp myownkind/mokbox'
% mokbox
[root@mokbox /]# retval=$?
[root@mokbox /]# errstop() { [[ $1 -gt 0 ]] && { printf 'SCREENCAST STOP &'; re
ad; }; }
[root@mokbox /]# errstop $retval
[root@mokbox /]#
[root@mokbox /]# # Test 1 - download the prebuilt image and test
[root@mokbox /]#
[root@mokbox /]# mok -p build image --get-prebuilt-image
    Downloading base image, 'mok-centos-7-v1.19.1' .. FAIL
ERROR: Docker returned an error, shown below

Using default tag: latest
Error response from daemon: Get "https://registry-1.docker.io/v2/": dial tcp: l
ookup registry-1.docker.io on 192.168.0.254:53: read udp 192.168.0.100:39134->1
92.168.0.254:53: i/o timeout

Image build failed

3653 main /usr/bin/mok
29 MA_main /usr/bin/mok
2522 BI_run /usr/bin/mok
530 err /usr/bin/mok

[root@mokbox /]# errstop $?
SCREENCAST STOP &
