$ errstop() { [[ $1 -gt 0 ]] && { printf 'SCREENCAST STOP &'; read; }; }
$ date
Sat 27 Jun 17:48:29 BST 2020
$ alias mokbox='docker run --rm -ti --hostname mokbox --name mokbox -v /var/run/
docker.sock:/var/run/docker.sock -v /var/tmp:/var/tmp myownkind/mokbox'
$ mokbox
[root@mokbox /]# retval=$?
[root@mokbox /]# errstop() { [[ $1 -gt 0 ]] && { printf 'SCREENCAST STOP &'; rea
d; }; }
[root@mokbox /]# errstop $retval
[root@mokbox /]#
[root@mokbox /]# # Test 1 - download the prebuilt image and test
[root@mokbox /]#
[root@mokbox /]# mok -p build image --get-prebuilt-image
    Downloading base image, 'mok-centos-7-v1.18.5' .. FAIL
ERROR: Docker returned an error, shown below

Using default tag: latest
Error response from daemon: pull access denied for myownkind/mok-centos-7-v1.18.
5, repository does not exist or may require 'docker login': denied: requested ac
cess to the resource is denied

Image build failed

3652 main /usr/bin/mok
29 MA_main /usr/bin/mok
2521 BI_run /usr/bin/mok
530 err /usr/bin/mok

[root@mokbox /]# errstop $?
SCREENCAST STOP &
