
tests(master*)$ errstop() { [[ $1 -gt 0 ]] && { printf 'SCREENCAST STOP &'; read
; }; }
tests(master*)$ date
Sun  7 Jun 17:44:51 BST 2020
tests(master*)$ alias mokbox='docker run --rm -ti --hostname mokbox --name mokbo
x -v /var/run/docker.sock:/var/run/docker.sock -v /var/tmp:/var/tmp myownkind/mo
kbox'
tests(master*)$ mokbox
[root@mokbox /]# retval=$?
[root@mokbox /]# errstop() { [[ $1 -gt 0 ]] && { printf 'SCREENCAST STOP &'; rea
d; }; }
[root@mokbox /]# errstop $retval
[root@mokbox /]#
[root@mokbox /]# # Test 1 - download the prebuilt image and test
[root@mokbox /]#
[root@mokbox /]# mokctl -p build image --get-prebuilt-image
    Downloading base image, 'mok-centos-7-v1.18.3' .. SUCCESS
[root@mokbox /]# errstop $?
[root@mokbox /]# time mokctl -p create cluster myk8s --masters 1 --tailf
f76a37e84cbab4b296de085b52d1f2113e8935b78569f8b4dd47e6c997dcd00a

STATUS: OK

net.ipv6.conf.all.disable_ipv6 = 1
net.ipv6.conf.default.disable_ipv6 = 1
W0607 16:49:21.755899      85 configset.go:202] WARNING: kubeadm cannot validate
 component configs for API groups [kubelet.config.k8s.io kubeproxy.config.k8s.io
]
[init] Using Kubernetes version: v1.18.3
[preflight] Running pre-flight checks
        [WARNING Swap]: running with swap on is not supported. Please disable sw
ap
        [WARNING Service-Kubelet]: kubelet service is not enabled, please run 's
ystemctl enable kubelet.service'
[preflight] Pulling images required for setting up a Kubernetes cluster
[preflight] This might take a minute or two, depending on the speed of your inte
rnet connection
[preflight] You can also perform this action in beforehand using 'kubeadm config
 images pull'
[kubelet-start] Writing kubelet environment file with flags to file "/var/lib/ku
belet/kubeadm-flags.env"
[kubelet-start] Writing kubelet configuration to file "/var/lib/kubelet/config.y
aml"
[kubelet-start] Starting the kubelet
[certs] Using certificateDir folder "/etc/kubernetes/pki"
[certs] Generating "ca" certificate and key
[certs] Generating "apiserver" certificate and key
[certs] apiserver serving cert is signed for DNS names [myk8s-master-1 kubernete
s kubernetes.default kubernetes.default.svc kubernetes.default.svc.cluster.local
] and IPs [10.96.0.1 172.17.0.3 172.17.0.3]
[certs] Generating "apiserver-kubelet-client" certificate and key
[certs] Generating "front-proxy-ca" certificate and key
[certs] Generating "front-proxy-client" certificate and key
[certs] Generating "etcd/ca" certificate and key
[certs] Generating "etcd/server" certificate and key
[certs] etcd/server serving cert is signed for DNS names [myk8s-master-1 localho
st] and IPs [172.17.0.3 127.0.0.1 ::1]
[certs] Generating "etcd/peer" certificate and key
[certs] etcd/peer serving cert is signed for DNS names [myk8s-master-1 localhost
] and IPs [172.17.0.3 127.0.0.1 ::1]
[certs] Generating "etcd/healthcheck-client" certificate and key
[certs] Generating "apiserver-etcd-client" certificate and key
[certs] Generating "sa" key and public key
[kubeconfig] Using kubeconfig folder "/etc/kubernetes"
[kubeconfig] Writing "admin.conf" kubeconfig file
[kubeconfig] Writing "kubelet.conf" kubeconfig file
[kubeconfig] Writing "controller-manager.conf" kubeconfig file
[kubeconfig] Writing "scheduler.conf" kubeconfig file
[control-plane] Using manifest folder "/etc/kubernetes/manifests"
[control-plane] Creating static Pod manifest for "kube-apiserver"
[control-plane] Creating static Pod manifest for "kube-controller-manager"
W0607 16:49:28.348950      85 manifests.go:225] the default kube-apiserver autho
rization-mode is "Node,RBAC"; using "Node,RBAC"
[control-plane] Creating static Pod manifest for "kube-scheduler"
W0607 16:49:28.350540      85 manifests.go:225] the default kube-apiserver autho
rization-mode is "Node,RBAC"; using "Node,RBAC"
[etcd] Creating static Pod manifest for local etcd in "/etc/kubernetes/manifests
"
[wait-control-plane] Waiting for the kubelet to boot up the control plane as sta
tic Pods from directory "/etc/kubernetes/manifests". This can take up to 4m0s
[apiclient] All control plane components are healthy after 29.507957 seconds
[upload-config] Storing the configuration used in ConfigMap "kubeadm-config" in
the "kube-system" Namespace
[kubelet] Creating a ConfigMap "kubelet-config-1.18" in namespace kube-system wi
th the configuration for the kubelets in the cluster
[upload-certs] Skipping phase. Please see --upload-certs
[mark-control-plane] Marking the node myk8s-master-1 as control-plane by adding
the label "node-role.kubernetes.io/master=''"
[mark-control-plane] Marking the node myk8s-master-1 as control-plane by adding
the taints [node-role.kubernetes.io/master:NoSchedule]
[bootstrap-token] Using token: abcdef.0123456789abcdef
[bootstrap-token] Configuring bootstrap tokens, cluster-info ConfigMap, RBAC Rol
es
[bootstrap-token] configured RBAC rules to allow Node Bootstrap tokens to get no
des
[bootstrap-token] configured RBAC rules to allow Node Bootstrap tokens to post C
SRs in order for nodes to get long term certificate credentials
[bootstrap-token] configured RBAC rules to allow the csrapprover controller auto
matically approve CSRs from a Node Bootstrap Token
[bootstrap-token] configured RBAC rules to allow certificate rotation for all no
de client certificates in the cluster
[bootstrap-token] Creating the "cluster-info" ConfigMap in the "kube-public" nam
espace
[kubelet-finalize] Updating "/etc/kubernetes/kubelet.conf" to point to a rotatab
le kubelet client certificate and key
[addons] Applied essential addon: CoreDNS
[addons] Applied essential addon: kube-proxy

Your Kubernetes control-plane has initialized successfully!

To start using your cluster, you need to run the following as a regular user:

  mkdir -p $HOME/.kube
  sudo cp -i /etc/kubernetes/admin.conf $HOME/.kube/config
  sudo chown $(id -u):$(id -g) $HOME/.kube/config

You should now deploy a pod network to the cluster.
Run "kubectl apply -f [podnetwork].yaml" with one of the options listed at:
  https://kubernetes.io/docs/concepts/cluster-administration/addons/

You can now join any number of control-plane nodes by copying certificate author
ities
and service account keys on each node and then running the following as root:

  kubeadm join 172.17.0.3:6443 --token abcdef.0123456789abcdef \
    --discovery-token-ca-cert-hash sha256:4738ad9d3e4166987674d348c5c41c4d2b083e
c318ec5da3a9d106d31c5dba32 \
    --control-plane

Then you can join any number of worker nodes by running the following on each as
 root:

kubeadm join 172.17.0.3:6443 --token abcdef.0123456789abcdef \
    --discovery-token-ca-cert-hash sha256:4738ad9d3e4166987674d348c5c41c4d2b083e
c318ec5da3a9d106d31c5dba32
  % Total    % Received % Xferd  Average Speed   Time    Time     Time  Current
                                 Dload  Upload   Total   Spent    Left  Speed
100 14366  100 14366    0     0  37649      0 --:--:-- --:--:-- --:--:-- 37706
podsecuritypolicy.policy/psp.flannel.unprivileged created
clusterrole.rbac.authorization.k8s.io/flannel created
clusterrolebinding.rbac.authorization.k8s.io/flannel created
serviceaccount/flannel created
configmap/kube-flannel-cfg created
daemonset.apps/kube-flannel-ds-amd64 created
daemonset.apps/kube-flannel-ds-arm64 created
daemonset.apps/kube-flannel-ds-arm created
daemonset.apps/kube-flannel-ds-ppc64le created
daemonset.apps/kube-flannel-ds-s390x created
Created symlink from /etc/systemd/system/multi-user.target.wants/kubelet.service
 to /usr/lib/systemd/system/kubelet.service.
node/myk8s-master-1 untainted

STATUS: OK

Cluster, "myk8s", can be accessed using:

export KUBECONFIG=/var/tmp/admin-myk8s.conf

real    0m43.562s
user    0m0.388s
sys     0m0.323s
[root@mokbox /]# errstop $?
[root@mokbox /]# export KUBECONFIG=/var/tmp/admin-myk8s.conf
[root@mokbox /]# for i in `seq 1 20`; do if kubectl get pods &>/dev/null; then b
reak; fi; echo -n "."; sleep 1; done
[root@mokbox /]# while kubectl get pods -A | tail -n +2 | awk '{ print $3; }' |
grep -qs 0; do echo -n "."; sleep 2; done; echo
.....
[root@mokbox /]# kubectl get pods -A
NAMESPACE     NAME                                     READY   STATUS
   RESTARTS   AGE
kube-system   coredns-66bff467f8-bv9pb                 0/1     ContainerCreating
   0          0s
kube-system   coredns-66bff467f8-bxj2w                 0/1     ContainerCreating
   0          0s
kube-system   etcd-myk8s-master-1                      1/1     Running
   0          12s
kube-system   kube-apiserver-myk8s-master-1            1/1     Running
   0          12s
kube-system   kube-controller-manager-myk8s-master-1   1/1     Running
   0          12s
kube-system   kube-flannel-ds-amd64-2cqjd              0/1     Pending
   0          0s
kube-system   kube-proxy-8k8h5                         0/1     ContainerCreating
   0          0s
kube-system   kube-scheduler-myk8s-master-1            1/1     Running
   0          12s
[root@mokbox /]# errstop $?
[root@mokbox /]# kubectl run --rm -ti --restart=Never --image=alpine shell2 sh |
| errstop $?
If you don't see a command prompt, try pressing enter.
/ # ip address
1: lo: <LOOPBACK,UP,LOWER_UP> mtu 65536 qdisc noqueue state UNKNOWN qlen 1000
    link/loopback 00:00:00:00:00:00 brd 00:00:00:00:00:00
    inet 127.0.0.1/8 scope host lo
       valid_lft forever preferred_lft forever
    inet6 ::1/128 scope host
       valid_lft forever preferred_lft forever
3: eth0@if6: <BROADCAST,MULTICAST,UP,LOWER_UP,M-DOWN> mtu 1450 qdisc noqueue sta
te UP
    link/ether 72:65:dc:19:8e:6a brd ff:ff:ff:ff:ff:ff
    inet 10.244.0.4/24 brd 10.244.0.255 scope global eth0
       valid_lft forever preferred_lft forever
    inet6 fe80::7065:dcff:fe19:8e6a/64 scope link
       valid_lft forever preferred_lft forever
/ # apk add fortune
fetch http://dl-cdn.alpinelinux.org/alpine/v3.12/main/x86_64/APKINDEX.tar.gz
fetch http://dl-cdn.alpinelinux.org/alpine/v3.12/community/x86_64/APKINDEX.tar.g
z
(1/2) Installing libbsd (0.10.0-r0)
(2/2) Installing fortune (0.1-r1)
  3% ##
 23% #################
 73% ######################################################
 91% ####################################################################
Executing busybox-1.31.1-r16.trigger
ERROR: busybox-1.31.1-r16.trigger: script exited with error 127
OK: 9 MiB in 16 packages
/ # exit 0

E0607 16:51:00.813175     258 v2.go:105] EOF
pod "shell2" deleted
[root@mokbox /]# mokctl -p get cluster
MOK_Cluster  Docker_ID     Container_Name  IP_Address
myk8s        f76a37e84cba  myk8s-master-1  172.17.0.3
[root@mokbox /]# errstop $?
[root@mokbox /]# mokctl -p delete cluster myk8s || errstop $?
The following containers will be deleted:

MOK_Cluster  Docker_ID     Container_Name  IP_Address
myk8s        f76a37e84cba  myk8s-master-1  172.17.0.3

Are you sure you want to delete the cluster? (y/N) >y

    Deleting id, 'f76a37e84cba' from cluster 'myk8s'. .. SUCCESS

[root@mokbox /]# mokctl -p get cluster
[root@mokbox /]# errstop $?
[root@mokbox /]# exit
exit
tests(master*)$
tests(master*)$ # Test complete
tests(master*)$ date
Sun  7 Jun 17:51:17 BST 2020
tests(master*)$
