
tests(master*)$ errstop() { [[ $1 -gt 0 ]] && echo "SCREENCAST STOP &"; read; }
tests(master*)$ date
Fri  5 Jun 13:23:28 BST 2020
tests(master*)$ alias mokbox='docker run --rm -ti --hostname mokbox --name mokbox -v /var/run/docker.sock:/var/run/dock
er.sock -v /var/tmp:/var/tmp myownkind/mokbox'
tests(master*)$ mokbox
[root@mokbox /]# retval=$?
[root@mokbox /]# errstop() { [[ $1 -gt 0 ]] && { printf 'SCREENCAST STOP &'; read; }; }
[root@mokbox /]# errstop $retval
[root@mokbox /]#
[root@mokbox /]# # Test 1 - download the prebuilt image
[root@mokbox /]#
[root@mokbox /]# mok -p build image --get-prebuilt-image
    Downloading base image, 'mok-centos-7-v1.18.3' .. SUCCESS
[root@mokbox /]# errstop $?
[root@mokbox /]# time mok -p create cluster myk8s --masters 1 --tailf
2db21b0060eb6674b2aa1cb3d7f7a82c4962a9d24d8119028fa3a8e5bc2dc681

STATUS: OK

net.ipv6.conf.all.disable_ipv6 = 1
net.ipv6.conf.default.disable_ipv6 = 1
W0605 12:23:57.541472      52 configset.go:202] WARNING: kubeadm cannot validate component configs for API groups [kube
let.config.k8s.io kubeproxy.config.k8s.io]
[init] Using Kubernetes version: v1.18.3
[preflight] Running pre-flight checks
        [WARNING Swap]: running with swap on is not supported. Please disable swap
        [WARNING Service-Kubelet]: kubelet service is not enabled, please run 'systemctl enable kubelet.service'
error execution phase preflight: [preflight] Some fatal errors occurred:
        [ERROR CRI]: container runtime is not running: output: time="2020-06-05T12:24:03Z" level=fatal msg="failed to c
onnect: failed to connect, make sure you are running as root and the runtime has been started: context deadline exceede
d"
, error: exit status 1
[preflight] If you know what you are doing, you can make a check non-fatal with `--ignore-preflight-errors=...`
To see the stack trace of this error execute with --v=5 or higher
  % Total    % Received % Xferd  Average Speed   Time    Time     Time  Current
                                 Dload  Upload   Total   Spent    Left  Speed
100 14366  100 14366    0     0   6515      0  0:00:02  0:00:02 --:--:--  6515
W0605 12:24:14.028712     180 loader.go:223] Config not found: /etc/kubernetes/admin.conf
The connection to the server localhost:8080 was refused - did you specify the right host or port?
Created symlink from /etc/systemd/system/multi-user.target.wants/kubelet.service to /usr/lib/systemd/system/kubelet.ser
vice.
W0605 12:24:15.621325     206 loader.go:223] Config not found: /etc/kubernetes/admin.conf
The connection to the server localhost:8080 was refused - did you specify the right host or port?

3549 main /usr/bin/mok
27 MA_main /usr/bin/mok
1381 CC_run /usr/bin/mok
1500 _CC_setup_master_nodes /usr/bin/mok
661 UT_run_with_progress /usr/bin/mok
1544 _CC_set_up_master_node /usr/bin/mok
1984 _CC_set_up_master_node_v1_18_3 /usr/bin/mok
517 err /usr/bin/mok

STATUS: OK

Error: No such container:path: myk8s-master-1:/etc/kubernetes/admin.conf

3549 main /usr/bin/mok
27 MA_main /usr/bin/mok
1381 CC_run /usr/bin/mok
1526 _CC_setup_master_nodes /usr/bin/mok
517 err /usr/bin/mok

real    0m30.338s
user    0m0.433s
sys     0m0.323s
[root@mokbox /]# errstop $?
SCREENCAST STOP &
